// Jest Snapshot v1, https://goo.gl/fbAQLP

exports[`button renders 1`] = `<button class="button"></button>`;
