// Jest Snapshot v1, https://goo.gl/fbAQLP

exports[`input renders 1`] = `<input class="input">`;
