// Jest Snapshot v1, https://goo.gl/fbAQLP

exports[`link renders 1`] = `<a href="#" class="link"></a>`;
