// Jest Snapshot v1, https://goo.gl/fbAQLP

exports[`connectBlock renders 1`] = `
<div class="walletDiv">
  <div class="walletDiv-addressBlock"><span class="addressBlock-span"></span><button class="addressBlock-button addressBlock-button__icon_copy"></button></div><span class="walletDiv-span"> </span><button class="walletDiv-button walletDiv-button__icon_coin"><img></button><button class="walletDiv-button walletDiv-button__icon_chevron"></button>
</div>
`;
