// Jest Snapshot v1, https://goo.gl/fbAQLP

exports[`span renders 1`] = `<span class="span"></span>`;
