// Jest Snapshot v1, https://goo.gl/fbAQLP

exports[`infoItem renders 1`] = `<div class="infoItem"><span class="infoItem-header"></span><span class="infoItem-value"></span></div>`;
