// Jest Snapshot v1, https://goo.gl/fbAQLP

exports[`infoBlock renders 1`] = `
<div class="infoBlock">
  <div class="infoBlock-div infoBlock-div__icon_warning"></div><span class="infoBlock-span"></span>
</div>
`;
