// Jest Snapshot v1, https://goo.gl/fbAQLP

exports[`div renders 1`] = `<div class="div"></div>`;
